// Jest Snapshot v1, https://goo.gl/fbAQLP

exports[`write-tree no categories should write an empty readme.md file using the home template 1`] = `
"# macos-defaults
Uncomplete list of macOS \`defaults\` commands with demos ✨

## 💻 Commands
## 🤔 How do I add a command?
Please update [this file](https://github.com/yannbertrand/macos-defaults/blob/master/defaults.yml) that I use to [build multiple websites](https://github.com/yannbertrand/macos-defaults/#readme) like this one.

## ❤️ I like this website, how can I build the same?
Thank you! I built it from scratch. Take a look at [my report](https://github.com/yannbertrand/macos-defaults/tree/master/build/github#readme) if you want to do the same.
"
`;

exports[`write-tree one category, no page with image should write a category/readme.md file using the category template 1`] = `
"# Category

![A screenshot of the Category](category.png)

> Category description.

"
`;

exports[`write-tree one category, no page with image should write a readme.md file using the home template 1`] = `
"# macos-defaults
Uncomplete list of macOS \`defaults\` commands with demos ✨

## 💻 Commands
## [Category](./category/readme.md)

## 🤔 How do I add a command?
Please update [this file](https://github.com/yannbertrand/macos-defaults/blob/master/defaults.yml) that I use to [build multiple websites](https://github.com/yannbertrand/macos-defaults/#readme) like this one.

## ❤️ I like this website, how can I build the same?
Thank you! I built it from scratch. Take a look at [my report](https://github.com/yannbertrand/macos-defaults/tree/master/build/github#readme) if you want to do the same.
"
`;

exports[`write-tree one category, one page with image example should write a category/page/readme.md file using the page template 1`] = `
"# [Category](../readme.md)

## Page

> Page description.

- **Tested on macOS**:
  * Big Sur
- **Parameter type**: bool

### Set to \`true\` (default value)
\`\`\`bash
defaults write com.apple.category page -bool true
\`\`\`
![Example output with value set to true](true.png)

### Set to \`false\`
\`\`\`bash
defaults write com.apple.category page -bool false
\`\`\`
![Example output with value set to false](false.png)

### Read current value
\`\`\`bash
defaults read com.apple.category page
\`\`\`

## Delete current value
\`\`\`bash
defaults delete com.apple.category page
\`\`\`
"
`;

exports[`write-tree one category, one page with image example should write a category/readme.md file using the category template 1`] = `
"# Category

> Category description.

- [Page](./page/readme.md)
"
`;

exports[`write-tree one category, one page with image example should write a readme.md file using the home template 1`] = `
"# macos-defaults
Uncomplete list of macOS \`defaults\` commands with demos ✨

## 💻 Commands
## [Category](./category/readme.md)
- [Page](./category/page/readme.md)

## 🤔 How do I add a command?
Please update [this file](https://github.com/yannbertrand/macos-defaults/blob/master/defaults.yml) that I use to [build multiple websites](https://github.com/yannbertrand/macos-defaults/#readme) like this one.

## ❤️ I like this website, how can I build the same?
Thank you! I built it from scratch. Take a look at [my report](https://github.com/yannbertrand/macos-defaults/tree/master/build/github#readme) if you want to do the same.
"
`;

exports[`write-tree one category, one page with text and possible values example should write a category/page.md file using the page template 1`] = `
"# [Category](../readme.md)

## Page

> Page description.

- **Tested on macOS**:
  * Big Sur
- **Parameter type**: string
  * start
  * middle
  * end

### Set to \`start\`
\`\`\`bash
defaults write com.apple.category page -string start
\`\`\`
- output when value is start

### Set to \`middle\` (default value)
\`\`\`bash
defaults write com.apple.category page -string middle
\`\`\`
- output when value is middle

### Set to \`end\`
\`\`\`bash
defaults write com.apple.category page -string end
\`\`\`
- output when value is end

### Read current value
\`\`\`bash
defaults read com.apple.category page
\`\`\`

## Delete current value
\`\`\`bash
defaults delete com.apple.category page
\`\`\`
"
`;

exports[`write-tree one category, one page with text and possible values example should write a category/readme.md file using the category template 1`] = `
"# Category

> Category description.

- [Page](./page/readme.md)
"
`;

exports[`write-tree one category, one page with text and possible values example should write a readme.md file using the home template 1`] = `
"# macos-defaults
Uncomplete list of macOS \`defaults\` commands with demos ✨

## 💻 Commands
## [Category](./category/readme.md)
- [Page](./category/page/readme.md)

## 🤔 How do I add a command?
Please update [this file](https://github.com/yannbertrand/macos-defaults/blob/master/defaults.yml) that I use to [build multiple websites](https://github.com/yannbertrand/macos-defaults/#readme) like this one.

## ❤️ I like this website, how can I build the same?
Thank you! I built it from scratch. Take a look at [my report](https://github.com/yannbertrand/macos-defaults/tree/master/build/github#readme) if you want to do the same.
"
`;

exports[`write-tree one category, one page with text example with an after command should write a category/page/readme.md file using the page template 1`] = `
"# [Category](../readme.md)

## Page

> Page description.

- **Tested on macOS**:
  * Big Sur
- **Parameter type**: string

### Set to \`~/Desktop\` (default value)
\`\`\`bash
defaults write com.apple.category page -string ~/Desktop && killall App
\`\`\`
- output when value is ~/Desktop

### Set to \`~/Pictures\`
\`\`\`bash
defaults write com.apple.category page -string ~/Pictures && killall App
\`\`\`
- output when value is ~/Pictures

### Read current value
\`\`\`bash
defaults read com.apple.category page
\`\`\`

## Delete current value
\`\`\`bash
defaults delete com.apple.category page && killall App
\`\`\`
"
`;

exports[`write-tree one category, one page with text example with an after command should write a category/readme.md file using the category template 1`] = `
"# Category

> Category description.

- [Page](./page/readme.md)
"
`;

exports[`write-tree one category, one page with text example with an after command should write a readme.md file using the home template 1`] = `
"# macos-defaults
Uncomplete list of macOS \`defaults\` commands with demos ✨

## 💻 Commands
## [Category](./category/readme.md)
- [Page](./category/page/readme.md)

## 🤔 How do I add a command?
Please update [this file](https://github.com/yannbertrand/macos-defaults/blob/master/defaults.yml) that I use to [build multiple websites](https://github.com/yannbertrand/macos-defaults/#readme) like this one.

## ❤️ I like this website, how can I build the same?
Thank you! I built it from scratch. Take a look at [my report](https://github.com/yannbertrand/macos-defaults/tree/master/build/github#readme) if you want to do the same.
"
`;

exports[`write-tree one category, one page with text example with requirements should write a category/page/readme.md file using the page template 1`] = `
"# [Category](../readme.md)

## Page

> Page description.

- **Tested on macOS**:
  * Big Sur
- **Parameter type**: string

### Requirements
- [\`com.apple.category2 another-key\`](../../another-category/another-key/readme.md#set-to-true) must be set to \`true\`
- [\`com.apple.category2 a-third-key\`](../../a-third-category/a-third-key/readme.md#set-to-0.5) must be set to \`0.5\`

### Set to \`true\` (default value)
\`\`\`bash
defaults write com.apple.category page -string true && killall App
\`\`\`
- output when value is true

### Set to \`false\`
\`\`\`bash
defaults write com.apple.category page -string false && killall App
\`\`\`
- output when value is false

### Read current value
\`\`\`bash
defaults read com.apple.category page
\`\`\`

## Delete current value
\`\`\`bash
defaults delete com.apple.category page && killall App
\`\`\`
"
`;

exports[`write-tree one category, one page with text example with requirements should write a category/readme.md file using the category template 1`] = `
"# Category

> Category description.

- [Page](./page/readme.md)
"
`;

exports[`write-tree one category, one page with text example with requirements should write a readme.md file using the home template 1`] = `
"# macos-defaults
Uncomplete list of macOS \`defaults\` commands with demos ✨

## 💻 Commands
## [Category](./category/readme.md)
- [Page](./category/page/readme.md)

## 🤔 How do I add a command?
Please update [this file](https://github.com/yannbertrand/macos-defaults/blob/master/defaults.yml) that I use to [build multiple websites](https://github.com/yannbertrand/macos-defaults/#readme) like this one.

## ❤️ I like this website, how can I build the same?
Thank you! I built it from scratch. Take a look at [my report](https://github.com/yannbertrand/macos-defaults/tree/master/build/github#readme) if you want to do the same.
"
`;

exports[`write-tree one category, one page with text example with special chars values should write a category/page/readme.md file using the page template 1`] = `
"# [Category](../readme.md)

## Page

> Page description.

- **Tested on macOS**:
  * Big Sur
- **Parameter type**: string

### Set to \`~/Desktop\` (default value)
\`\`\`bash
defaults write com.apple.category page -string ~/Desktop
\`\`\`
- output when value is ~/Desktop

### Set to \`~/Pictures\`
\`\`\`bash
defaults write com.apple.category page -string ~/Pictures
\`\`\`
- output when value is ~/Pictures

### Read current value
\`\`\`bash
defaults read com.apple.category page
\`\`\`

## Delete current value
\`\`\`bash
defaults delete com.apple.category page
\`\`\`
"
`;

exports[`write-tree one category, one page with text example with special chars values should write a category/readme.md file using the category template 1`] = `
"# Category

> Category description.

- [Page](./page/readme.md)
"
`;

exports[`write-tree one category, one page with text example with special chars values should write a readme.md file using the home template 1`] = `
"# macos-defaults
Uncomplete list of macOS \`defaults\` commands with demos ✨

## 💻 Commands
## [Category](./category/readme.md)
- [Page](./category/page/readme.md)

## 🤔 How do I add a command?
Please update [this file](https://github.com/yannbertrand/macos-defaults/blob/master/defaults.yml) that I use to [build multiple websites](https://github.com/yannbertrand/macos-defaults/#readme) like this one.

## ❤️ I like this website, how can I build the same?
Thank you! I built it from scratch. Take a look at [my report](https://github.com/yannbertrand/macos-defaults/tree/master/build/github#readme) if you want to do the same.
"
`;

exports[`write-tree one category, one page with video example should write a category/page/readme.md file using the page template 1`] = `
"# [Category](../readme.md)

## Page

> Page description.

- **Tested on macOS**:
  * Big Sur
- **Parameter type**: float

### Set to \`0\` (default value)
\`\`\`bash
defaults write com.apple.category page -float 0
\`\`\`
[Link to a demo video](0.mp4)

### Set to \`0.5\`
\`\`\`bash
defaults write com.apple.category page -float 0.5
\`\`\`
[Link to a demo video](0.5.mp4)

### Read current value
\`\`\`bash
defaults read com.apple.category page
\`\`\`

## Delete current value
\`\`\`bash
defaults delete com.apple.category page
\`\`\`
"
`;

exports[`write-tree one category, one page with video example should write a category/readme.md file using the category template 1`] = `
"# Category

> Category description.

- [Page](./page/readme.md)
"
`;

exports[`write-tree one category, one page with video example should write a readme.md file using the home template 1`] = `
"# macos-defaults
Uncomplete list of macOS \`defaults\` commands with demos ✨

## 💻 Commands
## [Category](./category/readme.md)
- [Page](./category/page/readme.md)

## 🤔 How do I add a command?
Please update [this file](https://github.com/yannbertrand/macos-defaults/blob/master/defaults.yml) that I use to [build multiple websites](https://github.com/yannbertrand/macos-defaults/#readme) like this one.

## ❤️ I like this website, how can I build the same?
Thank you! I built it from scratch. Take a look at [my report](https://github.com/yannbertrand/macos-defaults/tree/master/build/github#readme) if you want to do the same.
"
`;

exports[`write-tree one category, two pages should write a category/page1/readme.md file using the page template 1`] = `
"# [Category](../readme.md)

## Page 1

> Page 1 description.

- **Tested on macOS**:
  * Big Sur
- **Parameter type**: bool

### Set to \`true\` (default value)
\`\`\`bash
defaults write com.apple.category page1 -bool true
\`\`\`
- output when value is true

### Set to \`false\`
\`\`\`bash
defaults write com.apple.category page1 -bool false
\`\`\`
- output when value is false

### Read current value
\`\`\`bash
defaults read com.apple.category page1
\`\`\`

## Delete current value
\`\`\`bash
defaults delete com.apple.category page1
\`\`\`
"
`;

exports[`write-tree one category, two pages should write a category/page2/readme.md file using the page template 1`] = `
"# [Category](../readme.md)

## Page 2

> Page 2 description.

- **Tested on macOS**:
  * Big Sur
- **Parameter type**: bool

### Set to \`true\`
\`\`\`bash
defaults write com.apple.category page2 -bool true
\`\`\`
- output when value is true

### Set to \`false\` (default value)
\`\`\`bash
defaults write com.apple.category page2 -bool false
\`\`\`
- output when value is false

### Read current value
\`\`\`bash
defaults read com.apple.category page2
\`\`\`

## Delete current value
\`\`\`bash
defaults delete com.apple.category page2
\`\`\`
"
`;

exports[`write-tree one category, two pages should write a category/readme.md file using the category template 1`] = `
"# Category

> Category description.

- [Page 1](./page1/readme.md)
- [Page 2](./page2/readme.md)
"
`;

exports[`write-tree one category, two pages should write a readme.md file using the home template 1`] = `
"# macos-defaults
Uncomplete list of macOS \`defaults\` commands with demos ✨

## 💻 Commands
## [Category](./category/readme.md)
- [Page 1](./category/page1/readme.md)
- [Page 2](./category/page2/readme.md)

## 🤔 How do I add a command?
Please update [this file](https://github.com/yannbertrand/macos-defaults/blob/master/defaults.yml) that I use to [build multiple websites](https://github.com/yannbertrand/macos-defaults/#readme) like this one.

## ❤️ I like this website, how can I build the same?
Thank you! I built it from scratch. Take a look at [my report](https://github.com/yannbertrand/macos-defaults/tree/master/build/github#readme) if you want to do the same.
"
`;

exports[`write-tree two categories, one page in each should write a category1/page/readme.md file using the page template 1`] = `
"# [Category 1](../readme.md)

## Page

> Page description.

- **Tested on macOS**:
  * Big Sur
- **Parameter type**: bool

### Set to \`true\` (default value)
\`\`\`bash
defaults write com.apple.category1 page -bool true
\`\`\`
- output when value is true

### Set to \`false\`
\`\`\`bash
defaults write com.apple.category1 page -bool false
\`\`\`
- output when value is false

### Read current value
\`\`\`bash
defaults read com.apple.category1 page
\`\`\`

## Delete current value
\`\`\`bash
defaults delete com.apple.category1 page
\`\`\`
"
`;

exports[`write-tree two categories, one page in each should write a category1/readme.md file using the category template 1`] = `
"# Category 1

> Category 1 description.

- [Page](./page/readme.md)
"
`;

exports[`write-tree two categories, one page in each should write a category2/page/readme.md file using the page template 1`] = `
"# [Category 2](../readme.md)

## Page

> Page description.

- **Tested on macOS**:
  * Big Sur
- **Parameter type**: bool

### Set to \`true\`
\`\`\`bash
defaults write com.apple.category2 page -bool true
\`\`\`
- output when value is true

### Set to \`false\` (default value)
\`\`\`bash
defaults write com.apple.category2 page -bool false
\`\`\`
- output when value is false

### Read current value
\`\`\`bash
defaults read com.apple.category2 page
\`\`\`

## Delete current value
\`\`\`bash
defaults delete com.apple.category2 page
\`\`\`
"
`;

exports[`write-tree two categories, one page in each should write a category2/readme.md file using the category template 1`] = `
"# Category 2

> Category 2 description.

- [Page](./page/readme.md)
"
`;

exports[`write-tree two categories, one page in each should write a readme.md file using the home template 1`] = `
"# macos-defaults
Uncomplete list of macOS \`defaults\` commands with demos ✨

## 💻 Commands
## [Category 1](./category1/readme.md)
- [Page](./category1/page/readme.md)

## [Category 2](./category2/readme.md)
- [Page](./category2/page/readme.md)

## 🤔 How do I add a command?
Please update [this file](https://github.com/yannbertrand/macos-defaults/blob/master/defaults.yml) that I use to [build multiple websites](https://github.com/yannbertrand/macos-defaults/#readme) like this one.

## ❤️ I like this website, how can I build the same?
Thank you! I built it from scratch. Take a look at [my report](https://github.com/yannbertrand/macos-defaults/tree/master/build/github#readme) if you want to do the same.
"
`;
